Info: Start Nativelink Simulation process

========= EDA Simulation Settings =====================

Sim Mode              :  Gate
Family                :  cycloneive
Quartus root          :  c:/users/jairomagnocaracciolo/documents/quartus/quartus/bin64/
Quartus sim root      :  c:/users/jairomagnocaracciolo/documents/quartus/quartus/eda/sim_lib
Simulation Tool       :  modelsim-altera
Simulation Language   :  vhdl
Version               :  93
Simulation Mode       :  GUI
Sim Output File       :  Lista_Prova.vho
Sim SDF file          :  Lista_Prova__vhdl.sdo
Sim dir               :  simulation\modelsim

=======================================================

Info: Starting NativeLink simulation with ModelSim-Altera software
Sourced NativeLink script c:/users/jairomagnocaracciolo/documents/quartus/quartus/common/tcl/internal/nativelink/modelsim.tcl
Warning: File Lista_Prova_run_msim_gate_vhdl.do already exists - backing up current file as Lista_Prova_run_msim_gate_vhdl.do.bak1
Info: Spawning ModelSim-Altera Simulation software 
Info: NativeLink simulation flow was successful
